
> encfs-tree-browser@0.0.0 build
> tsc -b && vite build

vite v8.2.2 building client environment for production...
transforming...
✓ 27 modules transformed.
node.exe : ✗ Build failed in 65ms
Au caractère Ligne:1 : 1
+ & "C:\Users\remip\scoop\apps\nodejs-lts\current/node.exe" "C:\Users\r ...
+ ~~~~~~~~~~~~~~~~~~~~~~~~~~~~~~~~~~~~~~~~~~~~~~~~~~~~~~~~~~~~~~~~~~~~~
    + CategoryInfo          : NotSpecified: (✗ Build failed in 65ms:String) [], RemoteException
    + FullyQualifiedErrorId : NativeCommandError
 
error during build:
Build failed with 2 errors:

[plugin vite:css] D:/Dev/encfs-tree-browser/src/styles/app.css
Failed to load PostCSS config: Failed to load PostCSS config (searchPath: D:/Dev/encfs-tree-browser): [Error] Cannot 
find package '@tailwindcss/postcss' imported from D:\Dev\encfs-tree-browser\postcss.config.js
Error [ERR_MODULE_NOT_FOUND]: Cannot find package '@tailwindcss/postcss' imported from 
D:\Dev\encfs-tree-browser\postcss.config.js
    at Object.getPackageJSONURL (node:internal/modules/package_json_reader:301:9)
    at packageResolve (node:internal/modules/esm/resolve:764:81)
    at moduleResolve (node:internal/modules/esm/resolve:855:18)
    at defaultResolve (node:internal/modules/esm/resolve:988:11)
    at #cachedDefaultResolve (node:internal/modules/esm/loader:697:20)
    at #resolveAndMaybeBlockOnLoaderThread (node:internal/modules/esm/loader:714:38)
    at ModuleLoader.resolveSync (node:internal/modules/esm/loader:746:52)
    at #resolve (node:internal/modules/esm/loader:679:17)
    at ModuleLoader.getOrCreateModuleJob (node:internal/modules/esm/loader:599:35)
    at ModuleJob.syncLink (node:internal/modules/esm/module_job:162:33)
[plugin vite:css] D:/Dev/encfs-tree-browser/src/styles/app.css
Failed to load PostCSS config: Failed to load PostCSS config (searchPath: D:/Dev/encfs-tree-browser): [Error] Cannot 
find package '@tailwindcss/postcss' imported from D:\Dev\encfs-tree-browser\postcss.config.js
Error [ERR_MODULE_NOT_FOUND]: Cannot find package '@tailwindcss/postcss' imported from 
D:\Dev\encfs-tree-browser\postcss.config.js
    at Object.getPackageJSONURL (node:internal/modules/package_json_reader:301:9)
    at packageResolve (node:internal/modules/esm/resolve:764:81)
    at moduleResolve (node:internal/modules/esm/resolve:855:18)
    at defaultResolve (node:internal/modules/esm/resolve:988:11)
    at #cachedDefaultResolve (node:internal/modules/esm/loader:697:20)
    at #resolveAndMaybeBlockOnLoaderThread (node:internal/modules/esm/loader:714:38)
    at ModuleLoader.resolveSync (node:internal/modules/esm/loader:746:52)
    at #resolve (node:internal/modules/esm/loader:679:17)
    at ModuleLoader.getOrCreateModuleJob (node:internal/modules/esm/loader:599:35)
    at ModuleJob.syncLink (node:internal/modules/esm/module_job:162:33)
    at aggregateBindingErrorsIntoJsError 
(file:///D:/Dev/encfs-tree-browser/node_modules/rolldown/dist/shared/error-HDibX49O.mjs:48:18)
    at unwrapBindingResult 
(file:///D:/Dev/encfs-tree-browser/node_modules/rolldown/dist/shared/error-HDibX49O.mjs:18:128)
    at #build (file:///D:/Dev/encfs-tree-browser/node_modules/rolldown/dist/shared/rolldown-C9Hfg50O.mjs:133:34)
    at async buildEnvironment (file:///D:/Dev/encfs-tree-browser/node_modules/vite/dist/node/chunks/node.js:33821:66)
    at async Object.build (file:///D:/Dev/encfs-tree-browser/node_modules/vite/dist/node/chunks/node.js:34242:19)
    at async Object.buildApp (file:///D:/Dev/encfs-tree-browser/node_modules/vite/dist/node/chunks/node.js:34239:153)
    at async CAC.<anonymous> (file:///D:/Dev/encfs-tree-browser/node_modules/vite/dist/node/cli.js:776:3) {
  errors: [Getter/Setter]
}
